bash-5.3# cat /etc/passwd
root:x:0:0:Super User:/root:/bin/bash
bin:x:1:1:bin:/bin:/usr/sbin/nologin
daemon:x:2:2:daemon:/sbin:/usr/sbin/nologin
adm:x:3:4:adm:/var/adm:/usr/sbin/nologin
lp:x:4:7:lp:/var/spool/lpd:/usr/sbin/nologin
sync:x:5:0:sync:/sbin:/bin/sync
shutdown:x:6:0:shutdown:/sbin:/sbin/shutdown
halt:x:7:0:halt:/sbin:/sbin/halt
mail:x:8:12:mail:/var/spool/mail:/usr/sbin/nologin
operator:x:11:0:operator:/root:/usr/sbin/nologin
games:x:12:100:games:/usr/games:/usr/sbin/nologin
ftp:x:14:50:FTP User:/var/ftp:/usr/sbin/nologin
nobody:x:65534:65534:Kernel Overflow User:/:/usr/sbin/nologin
tss:x:59:59:Account used for TPM access:/:/usr/sbin/nologin
dbus:x:81:81:System Message Bus:/:/usr/sbin/nologin
unbound:x:999:999:Unbound DNS resolver:/var/lib/unbound:/sbin/nologin
systemd-oom:x:997:997:systemd Userspace OOM Killer:/:/usr/sbin/nologin
systemd-coredump:x:996:996:systemd Core Dumper:/:/usr/sbin/nologin
systemd-timesync:x:995:995:systemd Time Synchronization:/:/usr/sbin/nologin
systemd-resolve:x:193:193:systemd Resolver:/:/usr/sbin/nologin
systemd-network:x:192:192:systemd Network Management:/:/usr/sbin/nologin
tcpdump:x:72:72:tcpdump:/:/usr/sbin/nologin
mi1249:x:1000:1000::/home/mi1249:/bin/zsh
user1:x:1234:1001::/home/user1:/bin/bash