bash-5.3# cat /etc/shadow
root:!:20470::::::
bin:!*:20470::::::
daemon:!*:20470::::::
adm:!*:20470::::::
lp:!*:20470::::::
sync:!*:20470::::::
shutdown:!*:20470::::::
halt:!*:20470::::::
mail:!*:20470::::::
operator:!*:20470::::::
games:!*:20470::::::
ftp:!*:20470::::::
nobody:!*:20470::::::
tss:!*:20565::::::
dbus:!*:20565::::::
unbound:!*:20565::::::
systemd-oom:!*:20565::::::
systemd-coredump:!*:20565::::::
systemd-timesync:!*:20565::::::
systemd-resolve:!*:20565::::::
systemd-network:!*:20565::::::
tcpdump:!*:20565::::::
mi1249:$y$j9T$aEuo8uO9YceQC21wWKVdJ.$Iw/tySY/UfqyKUzjQc0jUpiLHNxqCYgS/RJ3ZI0eNU6:20702:0:99999:7:::
user1:$y$j9T$c5HP.VwqQ0fTcvmIhrTTa0$Y6Uqs7GbZMEJL.7tNIvUrZAhX.ayhHmifleMEcNdyK8:20724:0:90:7:::