bash-5.3# cat /etc/group
root:x:0:
sys:x:3:
adm:x:4:
tty:x:5:
disk:x:6:
lp:x:7:
mem:x:8:
kmem:x:9:
wheel:x:10:mi1249
cdrom:x:11:
mail:x:12:
man:x:15:
dialout:x:18:
floppy:x:19:
games:x:20:
utmp:x:22:
tape:x:33:
kvm:x:36:
video:x:39:
ftp:x:50:
lock:x:54:
audio:x:63:
users:x:100:
clock:x:103:
input:x:104:
render:x:105:
sgx:x:106:
nobody:x:65534:
bin:x:1:
daemon:x:2:
tss:x:59:
dbus:x:81:
unbound:x:999:
empower:x:998:
systemd-journal:x:190:
systemd-oom:x:997:
systemd-coredump:x:996:
systemd-timesync:x:995:
systemd-resolve:x:193:
systemd-network:x:192:
tcpdump:x:72:
mi1249:x:1000:
students:x:1001: