    1  history
    2  echo 'Мой буг шифр: 356150'
    3  groupadd students
    4  useradd -m -u 1234 -g students user1
    5  passwd user1
    6  chage -M 90 user1
    7  id user1
    8  chage -l user1
    9  find / -type f -perm -4000 -ls 2>/dev/null
   10  ps -eo pid,ruid,euid,user,comm
   11  ls -l /etc/passwd
   12  chmod 600 /etc/passwd
   13  sudo -u user1
   14  sudo -u user1 cat /etc/passwd
   15  cp /bin/cat /home/user1/cat
   16  chown root:root /home/user1/cat
   17  chmod 4755 /home/user1/cat
   18  ls -l /home/user1/cat
   19  sudo -u user1 /home/user1/cat /etc/passwd
   20  chmod 644 /etc/passwd
   21  sudo -u user1 touch /home/user1/file.txt
   22  sudo -u user1 chown root /home/user1/file.txt
   23  cp /bin/chown /home/user1/chown
   24  chown root:root /home/user1/chown
   25  setcap cap_chown+ep /home/user1/chown
   26  getcap /home/user1/chown
   27  sudo -u user1 /home/user1/chown root /home/user1/file.txt
   28  sudo -u user1 ls -l /home/user1/file.txt
   29  visudo
   30  sudo -u user1 date
   31  sudo -u user1 date -s "2026-09-28 23:30:00"
   32  sudo -u user1 sudo date -s "2026-09-28 23:30:00"
   33  sudo -u user1 sudo date -s "2026-09-29 01:11:00"
   34  history > /mnt/c/Users/kmkm2/GolandProjects/mephi-linux-security-2026/history.out
