bash-5.3# ps -eo pid,ruid,euid,user,comm
    PID  RUID  EUID USER     COMMAND
      1     0     0 root     systemd
      2     0     0 root     init-systemd(Fe
      8     0     0 root     init
     46     0     0 root     systemd-journal
     54     0     0 root     systemd-userdbd
     73   997   997 systemd+ systemd-oomd
     74   193   193 systemd+ systemd-resolve
     81     0     0 root     systemd-udevd
     90    81    81 dbus     dbus-broker-lau
     91    81    81 dbus     dbus-broker
    116     0     0 root     NetworkManager
    126     0     0 root     systemd-homed
    138     0     0 root     systemd-logind
    183     0     0 root     agetty
    304     0     0 root     login
    309  1000  1000 mi1249   systemd
    311  1000  1000 mi1249   (sd-pam)
    323  1000  1000 mi1249   zsh
   1341     0     0 root     SessionLeader
   1343     0     0 root     Relay(1345)
   1345  1000  1000 mi1249   ijent
   1532     0     0 root     systemd-userwor
   1533     0     0 root     systemd-userwor
   1534     0     0 root     systemd-userwor
   1685     0     0 root     SessionLeader
   1686     0     0 root     Relay(1688)
   1688  1000  1000 mi1249   zsh
   1820  1000     0 root     sudo
   1824     0     0 root     systemd
   1826     0     0 root     (sd-pam)
   1839  1000     0 root     sudo
   1840     0     0 root     su
   1846     0     0 root     bash
   1857     0     0 root     SessionLeader
   1858     0     0 root     Relay(1859)
   1859  1000  1000 mi1249   zsh
   1868     0     0 root     systemd-hostnam
   1939  1000     0 root     sudo
   1941  1000     0 root     sudo
   1942     0     0 root     su
   1943  1234  1234 user1    bash
   1963     0     0 root     ps